// Jest Snapshot v1, https://goo.gl/fbAQLP

exports[`components Client To match snapshot 1`] = `ShallowWrapper {}`;
