// Jest Snapshot v1, https://goo.gl/fbAQLP

exports[`components Clients To match snapshot 1`] = `ShallowWrapper {}`;
