// Jest Snapshot v1, https://goo.gl/fbAQLP

exports[`components ClientsTable To match snapshot 1`] = `ShallowWrapper {}`;
